// Jest Snapshot v1, https://goo.gl/fbAQLP

exports[`RickAndMortyContainer renders a list of characters 1`] = `
<ul
  aria-label="characters"
>
  <div>
    <li>
      <a
        href="/1"
      >
        <img
          alt="Rick Sanchez (From API)"
          src="example.com/image.png"
        />
      </a>
    </li>
  </div>
</ul>
`;
